{
  "Schema": null,
  "DataSource": {
    "DatabaseType": "MSSQL",
    "ConnectionString": "testconnectionstring",
    "Options": null,
    "DatabaseTypeNotSupportedMessage": "The provided database-type value: MSSQL is currently not supported. Please check the configuration file."
  },
  "Runtime": {
    "Rest": {
      "Enabled": true,
      "Path": "/"
    },
    "GraphQL": {
      "Enabled": true,
      "Path": "/graphql",
      "AllowIntrospection": true
    },
    "Host": {
      "Cors": {
        "Origins": [],
        "AllowCredentials": false
      },
      "Authentication": {
        "Provider": "StaticWebApps",
        "Jwt": {
          "Audience": "",
          "Issuer": ""
        }
      },
      "Mode": "Development"
    }
  },
  "Entities": [
    {
      "Key": "MyEntity",
      "Value": {
        "Source": {
          "Object": "MyTable",
          "Type": "Table",
          "Parameters": null,
          "KeyFields": []
        },
        "GraphQL": {
          "Singular": "MyEntity",
          "Plural": "MyEntities",
          "Enabled": true,
          "Operation": null
        },
        "Rest": {
          "Methods": [],
          "Path": null,
          "Enabled": true
        },
        "Permissions": [
          {
            "Role": "anonymous",
            "Actions": [
              {
                "Action": "Read",
                "Fields": {
                  "Exclude": [],
                  "Include": null
                },
                "Policy": {
                  "Request": null,
                  "Database": null
                }
              },
              {
                "Action": "Update",
                "Fields": {
                  "Exclude": [],
                  "Include": null
                },
                "Policy": {
                  "Request": null,
                  "Database": null
                }
              }
            ]
          }
        ],
        "Mappings": {
          "Macaroni": "Mac & Cheese",
          "region": "United State's Region",
          "russian": "русский",
          "chinese": "中文"
        },
        "Relationships": null
      }
    }
  ]
}
