{
  "Schema": "https://github.com/Azure/data-api-builder/releases/download/vmajor.minor.patch/dab.draft.schema.json",
  "DataSource": {
    "DatabaseType": "CosmosDB_NoSQL",
    "Options": {
      "database": {
        "ValueKind": "String"
      },
      "container": {
        "ValueKind": "String"
      },
      "schema": {
        "ValueKind": "String"
      }
    },
    "DatabaseTypeNotSupportedMessage": "The provided database-type value: CosmosDB_NoSQL is currently not supported. Please check the configuration file."
  },
  "Runtime": {
    "Rest": {
      "Enabled": true,
      "Path": "/api"
    },
    "GraphQL": {
      "Enabled": true,
      "Path": "/graphql",
      "AllowIntrospection": true
    },
    "Host": {
      "Cors": {
        "Origins": [
          "http://localhost:5000"
        ],
        "AllowCredentials": false
      },
      "Authentication": {
        "Provider": "StaticWebApps",
        "Jwt": {
          "Audience": null,
          "Issuer": null
        }
      },
      "Mode": "Development"
    }
  },
  "Entities": [
    {
      "Key": "Planet",
      "Value": {
        "Source": {
          "Object": "graphqldb.planet",
          "Type": "Table",
          "Parameters": null,
          "KeyFields": null
        },
        "GraphQL": {
          "Singular": "Planet",
          "Plural": "Planets",
          "Enabled": true,
          "Operation": null
        },
        "Rest": {
          "Methods": [],
          "Path": null,
          "Enabled": false
        },
        "Permissions": [
          {
            "Role": "anonymous",
            "Actions": [
              {
                "Action": "Create",
                "Fields": null,
                "Policy": {
                  "Request": null,
                  "Database": null
                }
              },
              {
                "Action": "Read",
                "Fields": null,
                "Policy": {
                  "Request": null,
                  "Database": null
                }
              },
              {
                "Action": "Update",
                "Fields": null,
                "Policy": {
                  "Request": null,
                  "Database": null
                }
              },
              {
                "Action": "Delete",
                "Fields": null,
                "Policy": {
                  "Request": null,
                  "Database": null
                }
              }
            ]
          },
          {
            "Role": "authenticated",
            "Actions": [
              {
                "Action": "Create",
                "Fields": null,
                "Policy": {
                  "Request": null,
                  "Database": null
                }
              },
              {
                "Action": "Read",
                "Fields": null,
                "Policy": {
                  "Request": null,
                  "Database": null
                }
              },
              {
                "Action": "Update",
                "Fields": null,
                "Policy": {
                  "Request": null,
                  "Database": null
                }
              },
              {
                "Action": "Delete",
                "Fields": null,
                "Policy": {
                  "Request": null,
                  "Database": null
                }
              }
            ]
          }
        ],
        "Mappings": null,
        "Relationships": null
      }
    },
    {
      "Key": "Character",
      "Value": {
        "Source": {
          "Object": "graphqldb.character",
          "Type": "Table",
          "Parameters": null,
          "KeyFields": null
        },
        "GraphQL": {
          "Singular": "Character",
          "Plural": "Characters",
          "Enabled": true,
          "Operation": null
        },
        "Rest": {
          "Methods": [],
          "Path": null,
          "Enabled": false
        },
        "Permissions": [
          {
            "Role": "authenticated",
            "Actions": [
              {
                "Action": "Create",
                "Fields": null,
                "Policy": {
                  "Request": null,
                  "Database": null
                }
              },
              {
                "Action": "Read",
                "Fields": null,
                "Policy": {
                  "Request": null,
                  "Database": null
                }
              },
              {
                "Action": "Update",
                "Fields": null,
                "Policy": {
                  "Request": null,
                  "Database": null
                }
              },
              {
                "Action": "Delete",
                "Fields": null,
                "Policy": {
                  "Request": null,
                  "Database": null
                }
              }
            ]
          }
        ],
        "Mappings": null,
        "Relationships": null
      }
    },
    {
      "Key": "StarAlias",
      "Value": {
        "Source": {
          "Object": "graphqldb.star",
          "Type": "Table",
          "Parameters": null,
          "KeyFields": null
        },
        "GraphQL": {
          "Singular": "Star",
          "Plural": "Stars",
          "Enabled": true,
          "Operation": null
        },
        "Rest": {
          "Methods": [],
          "Path": null,
          "Enabled": false
        },
        "Permissions": [
          {
            "Role": "anonymous",
            "Actions": [
              {
                "Action": "Create",
                "Fields": null,
                "Policy": {
                  "Request": null,
                  "Database": null
                }
              },
              {
                "Action": "Read",
                "Fields": null,
                "Policy": {
                  "Request": null,
                  "Database": null
                }
              },
              {
                "Action": "Update",
                "Fields": null,
                "Policy": {
                  "Request": null,
                  "Database": null
                }
              },
              {
                "Action": "Delete",
                "Fields": null,
                "Policy": {
                  "Request": null,
                  "Database": null
                }
              }
            ]
          },
          {
            "Role": "authenticated",
            "Actions": [
              {
                "Action": "Create",
                "Fields": null,
                "Policy": {
                  "Request": null,
                  "Database": null
                }
              },
              {
                "Action": "Read",
                "Fields": null,
                "Policy": {
                  "Request": null,
                  "Database": null
                }
              },
              {
                "Action": "Update",
                "Fields": null,
                "Policy": {
                  "Request": null,
                  "Database": null
                }
              },
              {
                "Action": "Delete",
                "Fields": null,
                "Policy": {
                  "Request": null,
                  "Database": null
                }
              }
            ]
          }
        ],
        "Mappings": null,
        "Relationships": null
      }
    },
    {
      "Key": "Moon",
      "Value": {
        "Source": {
          "Object": "graphqldb.moon",
          "Type": "Table",
          "Parameters": null,
          "KeyFields": null
        },
        "GraphQL": {
          "Singular": "Moon",
          "Plural": "Moons",
          "Enabled": true,
          "Operation": null
        },
        "Rest": {
          "Methods": [],
          "Path": null,
          "Enabled": false
        },
        "Permissions": [
          {
            "Role": "anonymous",
            "Actions": [
              {
                "Action": "Create",
                "Fields": null,
                "Policy": {
                  "Request": null,
                  "Database": null
                }
              },
              {
                "Action": "Read",
                "Fields": null,
                "Policy": {
                  "Request": null,
                  "Database": null
                }
              },
              {
                "Action": "Update",
                "Fields": null,
                "Policy": {
                  "Request": null,
                  "Database": null
                }
              },
              {
                "Action": "Delete",
                "Fields": null,
                "Policy": {
                  "Request": null,
                  "Database": null
                }
              }
            ]
          },
          {
            "Role": "authenticated",
            "Actions": [
              {
                "Action": "Create",
                "Fields": null,
                "Policy": {
                  "Request": null,
                  "Database": null
                }
              },
              {
                "Action": "Read",
                "Fields": null,
                "Policy": {
                  "Request": null,
                  "Database": null
                }
              },
              {
                "Action": "Update",
                "Fields": null,
                "Policy": {
                  "Request": null,
                  "Database": null
                }
              },
              {
                "Action": "Delete",
                "Fields": null,
                "Policy": {
                  "Request": null,
                  "Database": null
                }
              }
            ]
          }
        ],
        "Mappings": null,
        "Relationships": null
      }
    }
  ]
}
