{
  "Schema": null,
  "DataSource": {
    "DatabaseType": "PostgreSQL",
    "ConnectionString": "Server=dab-local.postgres.database.azure.com;Database=dablocal;Port=5432;User Id=sql;Password=nASgEqenjClOIutPeDo6xZZBh17pW1;Ssl Mode=VerifyFull;",
    "Options": null,
    "DatabaseTypeNotSupportedMessage": "The provided database-type value: PostgreSQL is currently not supported. Please check the configuration file."
  },
  "Runtime": {
    "Rest": {
      "Enabled": true,
      "Path": "/api"
    },
    "GraphQL": {
      "Enabled": true,
      "Path": "/graphql",
      "AllowIntrospection": true
    },
    "Host": {
      "Cors": {
        "Origins": [
          "http://localhost:5000"
        ],
        "AllowCredentials": false
      },
      "Authentication": {
        "Provider": "StaticWebApps",
        "Jwt": {
          "Audience": null,
          "Issuer": null
        }
      },
      "Mode": "Development"
    }
  },
  "Entities": [
    {
      "Key": "Publisher",
      "Value": {
        "Source": {
          "Object": "publishers",
          "Type": "Table",
          "Parameters": {},
          "KeyFields": []
        },
        "GraphQL": {
          "Singular": "Publisher",
          "Plural": "Publishers",
          "Enabled": true,
          "Operation": null
        },
        "Rest": {
          "Methods": [
            "Get",
            "Post",
            "Put",
            "Patch",
            "Delete"
          ],
          "Path": null,
          "Enabled": true
        },
        "Permissions": [
          {
            "Role": "anonymous",
            "Actions": [
              {
                "Action": "Read",
                "Fields": null,
                "Policy": {
                  "Request": null,
                  "Database": null
                }
              }
            ]
          },
          {
            "Role": "authenticated",
            "Actions": [
              {
                "Action": "Create",
                "Fields": null,
                "Policy": {
                  "Request": null,
                  "Database": null
                }
              },
              {
                "Action": "Read",
                "Fields": null,
                "Policy": {
                  "Request": null,
                  "Database": null
                }
              },
              {
                "Action": "Update",
                "Fields": null,
                "Policy": {
                  "Request": null,
                  "Database": null
                }
              },
              {
                "Action": "Delete",
                "Fields": null,
                "Policy": {
                  "Request": null,
                  "Database": null
                }
              }
            ]
          },
          {
            "Role": "policy_tester_01",
            "Actions": [
              {
                "Action": "Read",
                "Fields": {
                  "Exclude": [],
                  "Include": [
                    "*"
                  ]
                },
                "Policy": {
                  "Request": null,
                  "Database": "@item.id eq 1940"
                }
              },
              {
                "Action": "Update",
                "Fields": {
                  "Exclude": [],
                  "Include": [
                    "*"
                  ]
                },
                "Policy": {
                  "Request": null,
                  "Database": null
                }
              },
              {
                "Action": "Create",
                "Fields": null,
                "Policy": {
                  "Request": null,
                  "Database": null
                }
              },
              {
                "Action": "Delete",
                "Fields": null,
                "Policy": {
                  "Request": null,
                  "Database": null
                }
              }
            ]
          },
          {
            "Role": "policy_tester_02",
            "Actions": [
              {
                "Action": "Read",
                "Fields": {
                  "Exclude": [],
                  "Include": [
                    "*"
                  ]
                },
                "Policy": {
                  "Request": null,
                  "Database": "@item.id ne 1940"
                }
              },
              {
                "Action": "Update",
                "Fields": {
                  "Exclude": [],
                  "Include": [
                    "*"
                  ]
                },
                "Policy": {
                  "Request": null,
                  "Database": null
                }
              },
              {
                "Action": "Create",
                "Fields": null,
                "Policy": {
                  "Request": null,
                  "Database": null
                }
              },
              {
                "Action": "Delete",
                "Fields": null,
                "Policy": {
                  "Request": null,
                  "Database": null
                }
              }
            ]
          },
          {
            "Role": "policy_tester_03",
            "Actions": [
              {
                "Action": "Read",
                "Fields": {
                  "Exclude": [],
                  "Include": [
                    "*"
                  ]
                },
                "Policy": {
                  "Request": null,
                  "Database": "@item.id ne 1940"
                }
              },
              {
                "Action": "Update",
                "Fields": {
                  "Exclude": [],
                  "Include": [
                    "*"
                  ]
                },
                "Policy": {
                  "Request": null,
                  "Database": null
                }
              },
              {
                "Action": "Create",
                "Fields": null,
                "Policy": {
                  "Request": null,
                  "Database": null
                }
              },
              {
                "Action": "Delete",
                "Fields": null,
                "Policy": {
                  "Request": null,
                  "Database": null
                }
              }
            ]
          },
          {
            "Role": "policy_tester_04",
            "Actions": [
              {
                "Action": "Read",
                "Fields": {
                  "Exclude": [],
                  "Include": [
                    "*"
                  ]
                },
                "Policy": {
                  "Request": null,
                  "Database": "@item.id eq 1940"
                }
              },
              {
                "Action": "Update",
                "Fields": {
                  "Exclude": [],
                  "Include": [
                    "*"
                  ]
                },
                "Policy": {
                  "Request": null,
                  "Database": null
                }
              },
              {
                "Action": "Create",
                "Fields": null,
                "Policy": {
                  "Request": null,
                  "Database": null
                }
              },
              {
                "Action": "Delete",
                "Fields": null,
                "Policy": {
                  "Request": null,
                  "Database": null
                }
              }
            ]
          },
          {
            "Role": "policy_tester_06",
            "Actions": [
              {
                "Action": "Read",
                "Fields": {
                  "Exclude": [],
                  "Include": [
                    "*"
                  ]
                },
                "Policy": {
                  "Request": null,
                  "Database": "@item.id eq 1940"
                }
              },
              {
                "Action": "Update",
                "Fields": {
                  "Exclude": [],
                  "Include": [
                    "*"
                  ]
                },
                "Policy": {
                  "Request": null,
                  "Database": null
                }
              },
              {
                "Action": "Create",
                "Fields": null,
                "Policy": {
                  "Request": null,
                  "Database": null
                }
              },
              {
                "Action": "Delete",
                "Fields": null,
                "Policy": {
                  "Request": null,
                  "Database": null
                }
              }
            ]
          },
          {
            "Role": "database_policy_tester",
            "Actions": [
              {
                "Action": "Update",
                "Fields": null,
                "Policy": {
                  "Request": null,
                  "Database": "@item.id ne 1234"
                }
              },
              {
                "Action": "Create",
                "Fields": null,
                "Policy": {
                  "Request": null,
                  "Database": null
                }
              },
              {
                "Action": "Read",
                "Fields": null,
                "Policy": {
                  "Request": null,
                  "Database": "@item.id ne 1234 or @item.id gt 1940"
                }
              }
            ]
          }
        ],
        "Mappings": null,
        "Relationships": {
          "books": {
            "Cardinality": "Many",
            "TargetEntity": "Book",
            "SourceFields": null,
            "TargetFields": null,
            "LinkingObject": null,
            "LinkingSourceFields": null,
            "LinkingTargetFields": null
          }
        }
      }
    },
    {
      "Key": "Stock",
      "Value": {
        "Source": {
          "Object": "stocks",
          "Type": "Table",
          "Parameters": {},
          "KeyFields": []
        },
        "GraphQL": {
          "Singular": "Stock",
          "Plural": "Stocks",
          "Enabled": true,
          "Operation": null
        },
        "Rest": {
          "Methods": [],
          "Path": "/commodities",
          "Enabled": true
        },
        "Permissions": [
          {
            "Role": "authenticated",
            "Actions": [
              {
                "Action": "Create",
                "Fields": null,
                "Policy": {
                  "Request": null,
                  "Database": null
                }
              },
              {
                "Action": "Read",
                "Fields": null,
                "Policy": {
                  "Request": null,
                  "Database": null
                }
              },
              {
                "Action": "Update",
                "Fields": null,
                "Policy": {
                  "Request": null,
                  "Database": null
                }
              },
              {
                "Action": "Delete",
                "Fields": null,
                "Policy": {
                  "Request": null,
                  "Database": null
                }
              }
            ]
          },
          {
            "Role": "TestNestedFilterFieldIsNull_ColumnForbidden",
            "Actions": [
              {
                "Action": "Read",
                "Fields": null,
                "Policy": {
                  "Request": null,
                  "Database": null
                }
              }
            ]
          },
          {
            "Role": "TestNestedFilterFieldIsNull_EntityReadForbidden",
            "Actions": [
              {
                "Action": "Read",
                "Fields": null,
                "Policy": {
                  "Request": null,
                  "Database": null
                }
              }
            ]
          },
          {
            "Role": "database_policy_tester",
            "Actions": [
              {
                "Action": "Create",
                "Fields": null,
                "Policy": {
                  "Request": null,
                  "Database": null
                }
              },
              {
                "Action": "Update",
                "Fields": null,
                "Policy": {
                  "Request": null,
                  "Database": "@item.pieceid ne 1"
                }
              }
            ]
          }
        ],
        "Mappings": null,
        "Relationships": {
          "stocks_price": {
            "Cardinality": "One",
            "TargetEntity": "stocks_price",
            "SourceFields": null,
            "TargetFields": null,
            "LinkingObject": null,
            "LinkingSourceFields": null,
            "LinkingTargetFields": null
          }
        }
      }
    },
    {
      "Key": "Book",
      "Value": {
        "Source": {
          "Object": "books",
          "Type": "Table",
          "Parameters": {},
          "KeyFields": []
        },
        "GraphQL": {
          "Singular": "book",
          "Plural": "books",
          "Enabled": true,
          "Operation": null
        },
        "Rest": {
          "Methods": [
            "Get",
            "Post",
            "Put",
            "Patch",
            "Delete"
          ],
          "Path": null,
          "Enabled": true
        },
        "Permissions": [
          {
            "Role": "anonymous",
            "Actions": [
              {
                "Action": "Create",
                "Fields": null,
                "Policy": {
                  "Request": null,
                  "Database": null
                }
              },
              {
                "Action": "Read",
                "Fields": null,
                "Policy": {
                  "Request": null,
                  "Database": null
                }
              },
              {
                "Action": "Update",
                "Fields": null,
                "Policy": {
                  "Request": null,
                  "Database": null
                }
              },
              {
                "Action": "Delete",
                "Fields": null,
                "Policy": {
                  "Request": null,
                  "Database": null
                }
              }
            ]
          },
          {
            "Role": "authenticated",
            "Actions": [
              {
                "Action": "Create",
                "Fields": null,
                "Policy": {
                  "Request": null,
                  "Database": null
                }
              },
              {
                "Action": "Read",
                "Fields": null,
                "Policy": {
                  "Request": null,
                  "Database": null
                }
              },
              {
                "Action": "Update",
                "Fields": null,
                "Policy": {
                  "Request": null,
                  "Database": null
                }
              },
              {
                "Action": "Delete",
                "Fields": null,
                "Policy": {
                  "Request": null,
                  "Database": null
                }
              }
            ]
          },
          {
            "Role": "policy_tester_01",
            "Actions": [
              {
                "Action": "Read",
                "Fields": {
                  "Exclude": [],
                  "Include": [
                    "*"
                  ]
                },
                "Policy": {
                  "Request": null,
                  "Database": "@item.title eq 'Policy-Test-01'"
                }
              },
              {
                "Action": "Update",
                "Fields": {
                  "Exclude": [],
                  "Include": [
                    "*"
                  ]
                },
                "Policy": {
                  "Request": null,
                  "Database": null
                }
              },
              {
                "Action": "Create",
                "Fields": null,
                "Policy": {
                  "Request": null,
                  "Database": null
                }
              },
              {
                "Action": "Delete",
                "Fields": null,
                "Policy": {
                  "Request": null,
                  "Database": null
                }
              }
            ]
          },
          {
            "Role": "policy_tester_02",
            "Actions": [
              {
                "Action": "Read",
                "Fields": {
                  "Exclude": [],
                  "Include": [
                    "*"
                  ]
                },
                "Policy": {
                  "Request": null,
                  "Database": "@item.title ne 'Policy-Test-01'"
                }
              },
              {
                "Action": "Update",
                "Fields": {
                  "Exclude": [],
                  "Include": [
                    "*"
                  ]
                },
                "Policy": {
                  "Request": null,
                  "Database": null
                }
              },
              {
                "Action": "Create",
                "Fields": null,
                "Policy": {
                  "Request": null,
                  "Database": null
                }
              },
              {
                "Action": "Delete",
                "Fields": null,
                "Policy": {
                  "Request": null,
                  "Database": null
                }
              }
            ]
          },
          {
            "Role": "policy_tester_03",
            "Actions": [
              {
                "Action": "Read",
                "Fields": {
                  "Exclude": [],
                  "Include": [
                    "*"
                  ]
                },
                "Policy": {
                  "Request": null,
                  "Database": "@item.title eq 'Policy-Test-01'"
                }
              },
              {
                "Action": "Update",
                "Fields": {
                  "Exclude": [],
                  "Include": [
                    "*"
                  ]
                },
                "Policy": {
                  "Request": null,
                  "Database": null
                }
              },
              {
                "Action": "Create",
                "Fields": null,
                "Policy": {
                  "Request": null,
                  "Database": null
                }
              },
              {
                "Action": "Delete",
                "Fields": null,
                "Policy": {
                  "Request": null,
                  "Database": null
                }
              }
            ]
          },
          {
            "Role": "policy_tester_04",
            "Actions": [
              {
                "Action": "Read",
                "Fields": {
                  "Exclude": [],
                  "Include": [
                    "*"
                  ]
                },
                "Policy": {
                  "Request": null,
                  "Database": "@item.title ne 'Policy-Test-01'"
                }
              },
              {
                "Action": "Update",
                "Fields": {
                  "Exclude": [],
                  "Include": [
                    "*"
                  ]
                },
                "Policy": {
                  "Request": null,
                  "Database": null
                }
              },
              {
                "Action": "Create",
                "Fields": null,
                "Policy": {
                  "Request": null,
                  "Database": null
                }
              },
              {
                "Action": "Delete",
                "Fields": null,
                "Policy": {
                  "Request": null,
                  "Database": null
                }
              }
            ]
          },
          {
            "Role": "policy_tester_05",
            "Actions": [
              {
                "Action": "Read",
                "Fields": {
                  "Exclude": [],
                  "Include": [
                    "*"
                  ]
                },
                "Policy": {
                  "Request": null,
                  "Database": "@item.id ne 9"
                }
              },
              {
                "Action": "Update",
                "Fields": {
                  "Exclude": [],
                  "Include": [
                    "*"
                  ]
                },
                "Policy": {
                  "Request": null,
                  "Database": null
                }
              },
              {
                "Action": "Create",
                "Fields": null,
                "Policy": {
                  "Request": null,
                  "Database": null
                }
              },
              {
                "Action": "Delete",
                "Fields": null,
                "Policy": {
                  "Request": null,
                  "Database": null
                }
              }
            ]
          },
          {
            "Role": "policy_tester_06",
            "Actions": [
              {
                "Action": "Read",
                "Fields": {
                  "Exclude": [],
                  "Include": [
                    "*"
                  ]
                },
                "Policy": {
                  "Request": null,
                  "Database": "@item.id ne 10"
                }
              },
              {
                "Action": "Create",
                "Fields": null,
                "Policy": {
                  "Request": null,
                  "Database": null
                }
              },
              {
                "Action": "Delete",
                "Fields": null,
                "Policy": {
                  "Request": null,
                  "Database": null
                }
              },
              {
                "Action": "Update",
                "Fields": {
                  "Exclude": [],
                  "Include": [
                    "*"
                  ]
                },
                "Policy": {
                  "Request": null,
                  "Database": null
                }
              }
            ]
          },
          {
            "Role": "policy_tester_07",
            "Actions": [
              {
                "Action": "Delete",
                "Fields": {
                  "Exclude": [],
                  "Include": [
                    "*"
                  ]
                },
                "Policy": {
                  "Request": null,
                  "Database": "@item.id ne 9"
                }
              },
              {
                "Action": "Read",
                "Fields": {
                  "Exclude": [],
                  "Include": [
                    "*"
                  ]
                },
                "Policy": {
                  "Request": null,
                  "Database": null
                }
              },
              {
                "Action": "Update",
                "Fields": {
                  "Exclude": [],
                  "Include": [
                    "*"
                  ]
                },
                "Policy": {
                  "Request": null,
                  "Database": "@item.id ne 9"
                }
              },
              {
                "Action": "Create",
                "Fields": null,
                "Policy": {
                  "Request": null,
                  "Database": null
                }
              }
            ]
          },
          {
            "Role": "policy_tester_08",
            "Actions": [
              {
                "Action": "Read",
                "Fields": {
                  "Exclude": [],
                  "Include": [
                    "*"
                  ]
                },
                "Policy": {
                  "Request": null,
                  "Database": null
                }
              },
              {
                "Action": "Delete",
                "Fields": {
                  "Exclude": [],
                  "Include": [
                    "*"
                  ]
                },
                "Policy": {
                  "Request": null,
                  "Database": "@item.id eq 9"
                }
              },
              {
                "Action": "Update",
                "Fields": {
                  "Exclude": [],
                  "Include": [
                    "*"
                  ]
                },
                "Policy": {
                  "Request": null,
                  "Database": "@item.id eq 9"
                }
              },
              {
                "Action": "Create",
                "Fields": null,
                "Policy": {
                  "Request": null,
                  "Database": null
                }
              }
            ]
          }
        ],
        "Mappings": {
          "id": "id",
          "title": "title"
        },
        "Relationships": {
          "publishers": {
            "Cardinality": "One",
            "TargetEntity": "Publisher",
            "SourceFields": null,
            "TargetFields": null,
            "LinkingObject": null,
            "LinkingSourceFields": null,
            "LinkingTargetFields": null
          },
          "websiteplacement": {
            "Cardinality": "One",
            "TargetEntity": "BookWebsitePlacement",
            "SourceFields": null,
            "TargetFields": null,
            "LinkingObject": null,
            "LinkingSourceFields": null,
            "LinkingTargetFields": null
          },
          "reviews": {
            "Cardinality": "Many",
            "TargetEntity": "Review",
            "SourceFields": null,
            "TargetFields": null,
            "LinkingObject": null,
            "LinkingSourceFields": null,
            "LinkingTargetFields": null
          },
          "authors": {
            "Cardinality": "Many",
            "TargetEntity": "Author",
            "SourceFields": null,
            "TargetFields": null,
            "LinkingObject": "book_author_link",
            "LinkingSourceFields": [
              "book_id"
            ],
            "LinkingTargetFields": [
              "author_id"
            ]
          }
        }
      }
    },
    {
      "Key": "BookWebsitePlacement",
      "Value": {
        "Source": {
          "Object": "book_website_placements",
          "Type": "Table",
          "Parameters": {},
          "KeyFields": []
        },
        "GraphQL": {
          "Singular": "BookWebsitePlacement",
          "Plural": "BookWebsitePlacements",
          "Enabled": true,
          "Operation": null
        },
        "Rest": {
          "Methods": [
            "Get",
            "Post",
            "Put",
            "Patch",
            "Delete"
          ],
          "Path": null,
          "Enabled": true
        },
        "Permissions": [
          {
            "Role": "anonymous",
            "Actions": [
              {
                "Action": "Read",
                "Fields": null,
                "Policy": {
                  "Request": null,
                  "Database": null
                }
              }
            ]
          },
          {
            "Role": "authenticated",
            "Actions": [
              {
                "Action": "Delete",
                "Fields": {
                  "Exclude": [],
                  "Include": [
                    "*"
                  ]
                },
                "Policy": {
                  "Request": null,
                  "Database": "@claims.userId eq @item.id"
                }
              },
              {
                "Action": "Create",
                "Fields": null,
                "Policy": {
                  "Request": null,
                  "Database": null
                }
              },
              {
                "Action": "Update",
                "Fields": null,
                "Policy": {
                  "Request": null,
                  "Database": null
                }
              }
            ]
          }
        ],
        "Mappings": null,
        "Relationships": {
          "books": {
            "Cardinality": "One",
            "TargetEntity": "Book",
            "SourceFields": null,
            "TargetFields": null,
            "LinkingObject": null,
            "LinkingSourceFields": null,
            "LinkingTargetFields": null
          }
        }
      }
    },
    {
      "Key": "Author",
      "Value": {
        "Source": {
          "Object": "authors",
          "Type": "Table",
          "Parameters": {},
          "KeyFields": []
        },
        "GraphQL": {
          "Singular": "Author",
          "Plural": "Authors",
          "Enabled": true,
          "Operation": null
        },
        "Rest": {
          "Methods": [
            "Get",
            "Post",
            "Put",
            "Patch",
            "Delete"
          ],
          "Path": null,
          "Enabled": true
        },
        "Permissions": [
          {
            "Role": "anonymous",
            "Actions": [
              {
                "Action": "Read",
                "Fields": null,
                "Policy": {
                  "Request": null,
                  "Database": null
                }
              }
            ]
          },
          {
            "Role": "authenticated",
            "Actions": [
              {
                "Action": "Create",
                "Fields": null,
                "Policy": {
                  "Request": null,
                  "Database": null
                }
              },
              {
                "Action": "Read",
                "Fields": null,
                "Policy": {
                  "Request": null,
                  "Database": null
                }
              },
              {
                "Action": "Update",
                "Fields": null,
                "Policy": {
                  "Request": null,
                  "Database": null
                }
              },
              {
                "Action": "Delete",
                "Fields": null,
                "Policy": {
                  "Request": null,
                  "Database": null
                }
              }
            ]
          }
        ],
        "Mappings": null,
        "Relationships": {
          "books": {
            "Cardinality": "Many",
            "TargetEntity": "Book",
            "SourceFields": null,
            "TargetFields": null,
            "LinkingObject": "book_author_link",
            "LinkingSourceFields": null,
            "LinkingTargetFields": null
          }
        }
      }
    },
    {
      "Key": "Review",
      "Value": {
        "Source": {
          "Object": "reviews",
          "Type": "Table",
          "Parameters": {},
          "KeyFields": []
        },
        "GraphQL": {
          "Singular": "review",
          "Plural": "reviews",
          "Enabled": true,
          "Operation": null
        },
        "Rest": {
          "Methods": [
            "Get",
            "Post",
            "Put",
            "Patch",
            "Delete"
          ],
          "Path": null,
          "Enabled": true
        },
        "Permissions": [
          {
            "Role": "anonymous",
            "Actions": [
              {
                "Action": "Create",
                "Fields": null,
                "Policy": {
                  "Request": null,
                  "Database": null
                }
              },
              {
                "Action": "Read",
                "Fields": null,
                "Policy": {
                  "Request": null,
                  "Database": null
                }
              },
              {
                "Action": "Update",
                "Fields": null,
                "Policy": {
                  "Request": null,
                  "Database": null
                }
              }
            ]
          },
          {
            "Role": "authenticated",
            "Actions": [
              {
                "Action": "Create",
                "Fields": null,
                "Policy": {
                  "Request": null,
                  "Database": null
                }
              },
              {
                "Action": "Read",
                "Fields": null,
                "Policy": {
                  "Request": null,
                  "Database": null
                }
              },
              {
                "Action": "Update",
                "Fields": null,
                "Policy": {
                  "Request": null,
                  "Database": null
                }
              },
              {
                "Action": "Delete",
                "Fields": null,
                "Policy": {
                  "Request": null,
                  "Database": null
                }
              }
            ]
          }
        ],
        "Mappings": null,
        "Relationships": {
          "books": {
            "Cardinality": "One",
            "TargetEntity": "Book",
            "SourceFields": null,
            "TargetFields": null,
            "LinkingObject": null,
            "LinkingSourceFields": null,
            "LinkingTargetFields": null
          }
        }
      }
    },
    {
      "Key": "Comic",
      "Value": {
        "Source": {
          "Object": "comics",
          "Type": "Table",
          "Parameters": {},
          "KeyFields": []
        },
        "GraphQL": {
          "Singular": "Comic",
          "Plural": "Comics",
          "Enabled": true,
          "Operation": null
        },
        "Rest": {
          "Methods": [
            "Get",
            "Post",
            "Put",
            "Patch",
            "Delete"
          ],
          "Path": null,
          "Enabled": true
        },
        "Permissions": [
          {
            "Role": "authenticated",
            "Actions": [
              {
                "Action": "Create",
                "Fields": null,
                "Policy": {
                  "Request": null,
                  "Database": null
                }
              },
              {
                "Action": "Read",
                "Fields": null,
                "Policy": {
                  "Request": null,
                  "Database": null
                }
              },
              {
                "Action": "Update",
                "Fields": null,
                "Policy": {
                  "Request": null,
                  "Database": null
                }
              },
              {
                "Action": "Delete",
                "Fields": null,
                "Policy": {
                  "Request": null,
                  "Database": null
                }
              }
            ]
          },
          {
            "Role": "TestNestedFilterManyOne_ColumnForbidden",
            "Actions": [
              {
                "Action": "Read",
                "Fields": null,
                "Policy": {
                  "Request": null,
                  "Database": null
                }
              }
            ]
          },
          {
            "Role": "TestNestedFilterManyOne_EntityReadForbidden",
            "Actions": [
              {
                "Action": "Read",
                "Fields": null,
                "Policy": {
                  "Request": null,
                  "Database": null
                }
              }
            ]
          },
          {
            "Role": "TestNestedFilterOneMany_ColumnForbidden",
            "Actions": [
              {
                "Action": "Read",
                "Fields": {
                  "Exclude": [
                    "categoryName"
                  ],
                  "Include": null
                },
                "Policy": {
                  "Request": null,
                  "Database": null
                }
              }
            ]
          },
          {
            "Role": "TestNestedFilterOneMany_EntityReadForbidden",
            "Actions": [
              {
                "Action": "Create",
                "Fields": null,
                "Policy": {
                  "Request": null,
                  "Database": null
                }
              },
              {
                "Action": "Update",
                "Fields": null,
                "Policy": {
                  "Request": null,
                  "Database": null
                }
              },
              {
                "Action": "Delete",
                "Fields": null,
                "Policy": {
                  "Request": null,
                  "Database": null
                }
              }
            ]
          }
        ],
        "Mappings": null,
        "Relationships": {
          "myseries": {
            "Cardinality": "One",
            "TargetEntity": "series",
            "SourceFields": null,
            "TargetFields": null,
            "LinkingObject": null,
            "LinkingSourceFields": null,
            "LinkingTargetFields": null
          }
        }
      }
    },
    {
      "Key": "Broker",
      "Value": {
        "Source": {
          "Object": "brokers",
          "Type": "Table",
          "Parameters": {},
          "KeyFields": []
        },
        "GraphQL": {
          "Singular": "Broker",
          "Plural": "Brokers",
          "Enabled": false,
          "Operation": null
        },
        "Rest": {
          "Methods": [
            "Get",
            "Post",
            "Put",
            "Patch",
            "Delete"
          ],
          "Path": null,
          "Enabled": true
        },
        "Permissions": [
          {
            "Role": "anonymous",
            "Actions": [
              {
                "Action": "Read",
                "Fields": null,
                "Policy": {
                  "Request": null,
                  "Database": null
                }
              }
            ]
          },
          {
            "Role": "authenticated",
            "Actions": [
              {
                "Action": "Create",
                "Fields": null,
                "Policy": {
                  "Request": null,
                  "Database": null
                }
              },
              {
                "Action": "Update",
                "Fields": null,
                "Policy": {
                  "Request": null,
                  "Database": null
                }
              },
              {
                "Action": "Read",
                "Fields": null,
                "Policy": {
                  "Request": null,
                  "Database": null
                }
              },
              {
                "Action": "Delete",
                "Fields": null,
                "Policy": {
                  "Request": null,
                  "Database": null
                }
              }
            ]
          }
        ],
        "Mappings": null,
        "Relationships": null
      }
    },
    {
      "Key": "WebsiteUser",
      "Value": {
        "Source": {
          "Object": "website_users",
          "Type": "Table",
          "Parameters": {},
          "KeyFields": []
        },
        "GraphQL": {
          "Singular": "websiteUser",
          "Plural": "websiteUsers",
          "Enabled": true,
          "Operation": null
        },
        "Rest": {
          "Methods": [
            "Get",
            "Post",
            "Put",
            "Patch",
            "Delete"
          ],
          "Path": null,
          "Enabled": false
        },
        "Permissions": [
          {
            "Role": "anonymous",
            "Actions": [
              {
                "Action": "Create",
                "Fields": null,
                "Policy": {
                  "Request": null,
                  "Database": null
                }
              },
              {
                "Action": "Read",
                "Fields": null,
                "Policy": {
                  "Request": null,
                  "Database": null
                }
              },
              {
                "Action": "Delete",
                "Fields": null,
                "Policy": {
                  "Request": null,
                  "Database": null
                }
              },
              {
                "Action": "Update",
                "Fields": null,
                "Policy": {
                  "Request": null,
                  "Database": null
                }
              }
            ]
          },
          {
            "Role": "authenticated",
            "Actions": [
              {
                "Action": "Create",
                "Fields": null,
                "Policy": {
                  "Request": null,
                  "Database": null
                }
              },
              {
                "Action": "Read",
                "Fields": null,
                "Policy": {
                  "Request": null,
                  "Database": null
                }
              },
              {
                "Action": "Delete",
                "Fields": null,
                "Policy": {
                  "Request": null,
                  "Database": null
                }
              },
              {
                "Action": "Update",
                "Fields": null,
                "Policy": {
                  "Request": null,
                  "Database": null
                }
              }
            ]
          }
        ],
        "Mappings": null,
        "Relationships": null
      }
    },
    {
      "Key": "SupportedType",
      "Value": {
        "Source": {
          "Object": "type_table",
          "Type": "Table",
          "Parameters": {},
          "KeyFields": []
        },
        "GraphQL": {
          "Singular": "SupportedType",
          "Plural": "SupportedTypes",
          "Enabled": true,
          "Operation": null
        },
        "Rest": {
          "Methods": [
            "Get",
            "Post",
            "Put",
            "Patch",
            "Delete"
          ],
          "Path": null,
          "Enabled": true
        },
        "Permissions": [
          {
            "Role": "anonymous",
            "Actions": [
              {
                "Action": "Create",
                "Fields": null,
                "Policy": {
                  "Request": null,
                  "Database": null
                }
              },
              {
                "Action": "Read",
                "Fields": null,
                "Policy": {
                  "Request": null,
                  "Database": null
                }
              },
              {
                "Action": "Delete",
                "Fields": null,
                "Policy": {
                  "Request": null,
                  "Database": null
                }
              },
              {
                "Action": "Update",
                "Fields": null,
                "Policy": {
                  "Request": null,
                  "Database": null
                }
              }
            ]
          },
          {
            "Role": "authenticated",
            "Actions": [
              {
                "Action": "Create",
                "Fields": null,
                "Policy": {
                  "Request": null,
                  "Database": null
                }
              },
              {
                "Action": "Read",
                "Fields": null,
                "Policy": {
                  "Request": null,
                  "Database": null
                }
              },
              {
                "Action": "Delete",
                "Fields": null,
                "Policy": {
                  "Request": null,
                  "Database": null
                }
              },
              {
                "Action": "Update",
                "Fields": null,
                "Policy": {
                  "Request": null,
                  "Database": null
                }
              }
            ]
          }
        ],
        "Mappings": {
          "id": "typeid"
        },
        "Relationships": null
      }
    },
    {
      "Key": "stocks_price",
      "Value": {
        "Source": {
          "Object": "stocks_price",
          "Type": "Table",
          "Parameters": {},
          "KeyFields": []
        },
        "GraphQL": {
          "Singular": "stocks_price",
          "Plural": "stocks_prices",
          "Enabled": true,
          "Operation": null
        },
        "Rest": {
          "Methods": [
            "Get",
            "Post",
            "Put",
            "Patch",
            "Delete"
          ],
          "Path": null,
          "Enabled": false
        },
        "Permissions": [
          {
            "Role": "authenticated",
            "Actions": [
              {
                "Action": "Create",
                "Fields": null,
                "Policy": {
                  "Request": null,
                  "Database": null
                }
              },
              {
                "Action": "Read",
                "Fields": null,
                "Policy": {
                  "Request": null,
                  "Database": null
                }
              },
              {
                "Action": "Delete",
                "Fields": null,
                "Policy": {
                  "Request": null,
                  "Database": null
                }
              },
              {
                "Action": "Update",
                "Fields": null,
                "Policy": {
                  "Request": null,
                  "Database": null
                }
              }
            ]
          },
          {
            "Role": "TestNestedFilterFieldIsNull_ColumnForbidden",
            "Actions": [
              {
                "Action": "Read",
                "Fields": {
                  "Exclude": [
                    "price"
                  ],
                  "Include": null
                },
                "Policy": {
                  "Request": null,
                  "Database": null
                }
              }
            ]
          },
          {
            "Role": "TestNestedFilterFieldIsNull_EntityReadForbidden",
            "Actions": [
              {
                "Action": "Create",
                "Fields": null,
                "Policy": {
                  "Request": null,
                  "Database": null
                }
              }
            ]
          }
        ],
        "Mappings": null,
        "Relationships": null
      }
    },
    {
      "Key": "Tree",
      "Value": {
        "Source": {
          "Object": "trees",
          "Type": "Table",
          "Parameters": {},
          "KeyFields": []
        },
        "GraphQL": {
          "Singular": "Tree",
          "Plural": "Trees",
          "Enabled": false,
          "Operation": null
        },
        "Rest": {
          "Methods": [
            "Get",
            "Post",
            "Put",
            "Patch",
            "Delete"
          ],
          "Path": null,
          "Enabled": true
        },
        "Permissions": [
          {
            "Role": "anonymous",
            "Actions": [
              {
                "Action": "Create",
                "Fields": null,
                "Policy": {
                  "Request": null,
                  "Database": null
                }
              },
              {
                "Action": "Read",
                "Fields": null,
                "Policy": {
                  "Request": null,
                  "Database": null
                }
              },
              {
                "Action": "Update",
                "Fields": null,
                "Policy": {
                  "Request": null,
                  "Database": null
                }
              },
              {
                "Action": "Delete",
                "Fields": null,
                "Policy": {
                  "Request": null,
                  "Database": null
                }
              }
            ]
          },
          {
            "Role": "authenticated",
            "Actions": [
              {
                "Action": "Create",
                "Fields": null,
                "Policy": {
                  "Request": null,
                  "Database": null
                }
              },
              {
                "Action": "Read",
                "Fields": null,
                "Policy": {
                  "Request": null,
                  "Database": null
                }
              },
              {
                "Action": "Update",
                "Fields": null,
                "Policy": {
                  "Request": null,
                  "Database": null
                }
              },
              {
                "Action": "Delete",
                "Fields": null,
                "Policy": {
                  "Request": null,
                  "Database": null
                }
              }
            ]
          }
        ],
        "Mappings": {
          "species": "Scientific Name",
          "region": "United State's Region"
        },
        "Relationships": null
      }
    },
    {
      "Key": "Shrub",
      "Value": {
        "Source": {
          "Object": "trees",
          "Type": "Table",
          "Parameters": {},
          "KeyFields": []
        },
        "GraphQL": {
          "Singular": "Shrub",
          "Plural": "Shrubs",
          "Enabled": true,
          "Operation": null
        },
        "Rest": {
          "Methods": [],
          "Path": "/plants",
          "Enabled": true
        },
        "Permissions": [
          {
            "Role": "anonymous",
            "Actions": [
              {
                "Action": "Create",
                "Fields": null,
                "Policy": {
                  "Request": null,
                  "Database": null
                }
              },
              {
                "Action": "Read",
                "Fields": null,
                "Policy": {
                  "Request": null,
                  "Database": null
                }
              },
              {
                "Action": "Update",
                "Fields": null,
                "Policy": {
                  "Request": null,
                  "Database": null
                }
              },
              {
                "Action": "Delete",
                "Fields": null,
                "Policy": {
                  "Request": null,
                  "Database": null
                }
              }
            ]
          },
          {
            "Role": "authenticated",
            "Actions": [
              {
                "Action": "Create",
                "Fields": null,
                "Policy": {
                  "Request": null,
                  "Database": null
                }
              },
              {
                "Action": "Read",
                "Fields": null,
                "Policy": {
                  "Request": null,
                  "Database": null
                }
              },
              {
                "Action": "Update",
                "Fields": null,
                "Policy": {
                  "Request": null,
                  "Database": null
                }
              },
              {
                "Action": "Delete",
                "Fields": null,
                "Policy": {
                  "Request": null,
                  "Database": null
                }
              }
            ]
          }
        ],
        "Mappings": {
          "species": "fancyName"
        },
        "Relationships": null
      }
    },
    {
      "Key": "Fungus",
      "Value": {
        "Source": {
          "Object": "fungi",
          "Type": "Table",
          "Parameters": {},
          "KeyFields": []
        },
        "GraphQL": {
          "Singular": "fungus",
          "Plural": "fungi",
          "Enabled": true,
          "Operation": null
        },
        "Rest": {
          "Methods": [
            "Get",
            "Post",
            "Put",
            "Patch",
            "Delete"
          ],
          "Path": null,
          "Enabled": true
        },
        "Permissions": [
          {
            "Role": "anonymous",
            "Actions": [
              {
                "Action": "Create",
                "Fields": null,
                "Policy": {
                  "Request": null,
                  "Database": null
                }
              },
              {
                "Action": "Read",
                "Fields": null,
                "Policy": {
                  "Request": null,
                  "Database": null
                }
              },
              {
                "Action": "Update",
                "Fields": null,
                "Policy": {
                  "Request": null,
                  "Database": null
                }
              },
              {
                "Action": "Delete",
                "Fields": null,
                "Policy": {
                  "Request": null,
                  "Database": null
                }
              }
            ]
          },
          {
            "Role": "authenticated",
            "Actions": [
              {
                "Action": "Create",
                "Fields": null,
                "Policy": {
                  "Request": null,
                  "Database": null
                }
              },
              {
                "Action": "Read",
                "Fields": null,
                "Policy": {
                  "Request": null,
                  "Database": null
                }
              },
              {
                "Action": "Update",
                "Fields": null,
                "Policy": {
                  "Request": null,
                  "Database": null
                }
              },
              {
                "Action": "Delete",
                "Fields": null,
                "Policy": {
                  "Request": null,
                  "Database": null
                }
              }
            ]
          },
          {
            "Role": "policy_tester_01",
            "Actions": [
              {
                "Action": "Read",
                "Fields": {
                  "Exclude": [],
                  "Include": [
                    "*"
                  ]
                },
                "Policy": {
                  "Request": null,
                  "Database": "@item.region ne 'northeast'"
                }
              }
            ]
          }
        ],
        "Mappings": {
          "spores": "hazards"
        },
        "Relationships": null
      }
    },
    {
      "Key": "books_view_all",
      "Value": {
        "Source": {
          "Object": "books_view_all",
          "Type": "View",
          "Parameters": null,
          "KeyFields": [
            "id"
          ]
        },
        "GraphQL": {
          "Singular": "books_view_all",
          "Plural": "books_view_alls",
          "Enabled": true,
          "Operation": null
        },
        "Rest": {
          "Methods": [
            "Get",
            "Post",
            "Put",
            "Patch",
            "Delete"
          ],
          "Path": null,
          "Enabled": true
        },
        "Permissions": [
          {
            "Role": "anonymous",
            "Actions": [
              {
                "Action": "*",
                "Fields": null,
                "Policy": {
                  "Request": null,
                  "Database": null
                }
              }
            ]
          }
        ],
        "Mappings": null,
        "Relationships": null
      }
    },
    {
      "Key": "books_view_with_mapping",
      "Value": {
        "Source": {
          "Object": "books_view_with_mapping",
          "Type": "View",
          "Parameters": null,
          "KeyFields": [
            "id"
          ]
        },
        "GraphQL": {
          "Singular": "books_view_with_mapping",
          "Plural": "books_view_with_mappings",
          "Enabled": true,
          "Operation": null
        },
        "Rest": {
          "Methods": [
            "Get",
            "Post",
            "Put",
            "Patch",
            "Delete"
          ],
          "Path": null,
          "Enabled": true
        },
        "Permissions": [
          {
            "Role": "anonymous",
            "Actions": [
              {
                "Action": "*",
                "Fields": null,
                "Policy": {
                  "Request": null,
                  "Database": null
                }
              }
            ]
          }
        ],
        "Mappings": {
          "id": "book_id"
        },
        "Relationships": null
      }
    },
    {
      "Key": "stocks_view_selected",
      "Value": {
        "Source": {
          "Object": "stocks_view_selected",
          "Type": "View",
          "Parameters": null,
          "KeyFields": [
            "categoryid",
            "pieceid"
          ]
        },
        "GraphQL": {
          "Singular": "stocks_view_selected",
          "Plural": "stocks_view_selecteds",
          "Enabled": true,
          "Operation": null
        },
        "Rest": {
          "Methods": [
            "Get",
            "Post",
            "Put",
            "Patch",
            "Delete"
          ],
          "Path": null,
          "Enabled": true
        },
        "Permissions": [
          {
            "Role": "anonymous",
            "Actions": [
              {
                "Action": "*",
                "Fields": null,
                "Policy": {
                  "Request": null,
                  "Database": null
                }
              }
            ]
          }
        ],
        "Mappings": null,
        "Relationships": null
      }
    },
    {
      "Key": "books_publishers_view_composite",
      "Value": {
        "Source": {
          "Object": "books_publishers_view_composite",
          "Type": "View",
          "Parameters": null,
          "KeyFields": [
            "id",
            "pub_id"
          ]
        },
        "GraphQL": {
          "Singular": "books_publishers_view_composite",
          "Plural": "books_publishers_view_composites",
          "Enabled": true,
          "Operation": null
        },
        "Rest": {
          "Methods": [
            "Get",
            "Post",
            "Put",
            "Patch",
            "Delete"
          ],
          "Path": null,
          "Enabled": true
        },
        "Permissions": [
          {
            "Role": "anonymous",
            "Actions": [
              {
                "Action": "*",
                "Fields": null,
                "Policy": {
                  "Request": null,
                  "Database": null
                }
              }
            ]
          }
        ],
        "Mappings": null,
        "Relationships": null
      }
    },
    {
      "Key": "books_publishers_view_composite_insertable",
      "Value": {
        "Source": {
          "Object": "books_publishers_view_composite_insertable",
          "Type": "View",
          "Parameters": null,
          "KeyFields": [
            "id"
          ]
        },
        "GraphQL": {
          "Singular": "books_publishers_view_composite_insertable",
          "Plural": "books_publishers_view_composite_insertables",
          "Enabled": true,
          "Operation": null
        },
        "Rest": {
          "Methods": [
            "Get",
            "Post",
            "Put",
            "Patch",
            "Delete"
          ],
          "Path": null,
          "Enabled": true
        },
        "Permissions": [
          {
            "Role": "anonymous",
            "Actions": [
              {
                "Action": "*",
                "Fields": null,
                "Policy": {
                  "Request": null,
                  "Database": null
                }
              }
            ]
          }
        ],
        "Mappings": null,
        "Relationships": null
      }
    },
    {
      "Key": "Empty",
      "Value": {
        "Source": {
          "Object": "empty_table",
          "Type": "Table",
          "Parameters": {},
          "KeyFields": []
        },
        "GraphQL": {
          "Singular": "Empty",
          "Plural": "Empties",
          "Enabled": true,
          "Operation": null
        },
        "Rest": {
          "Methods": [
            "Get",
            "Post",
            "Put",
            "Patch",
            "Delete"
          ],
          "Path": null,
          "Enabled": true
        },
        "Permissions": [
          {
            "Role": "authenticated",
            "Actions": [
              {
                "Action": "Create",
                "Fields": null,
                "Policy": {
                  "Request": null,
                  "Database": null
                }
              },
              {
                "Action": "Read",
                "Fields": null,
                "Policy": {
                  "Request": null,
                  "Database": null
                }
              },
              {
                "Action": "Update",
                "Fields": null,
                "Policy": {
                  "Request": null,
                  "Database": null
                }
              },
              {
                "Action": "Delete",
                "Fields": null,
                "Policy": {
                  "Request": null,
                  "Database": null
                }
              }
            ]
          },
          {
            "Role": "anonymous",
            "Actions": [
              {
                "Action": "Read",
                "Fields": null,
                "Policy": {
                  "Request": null,
                  "Database": null
                }
              }
            ]
          }
        ],
        "Mappings": null,
        "Relationships": null
      }
    },
    {
      "Key": "Notebook",
      "Value": {
        "Source": {
          "Object": "notebooks",
          "Type": "Table",
          "Parameters": {},
          "KeyFields": []
        },
        "GraphQL": {
          "Singular": "Notebook",
          "Plural": "Notebooks",
          "Enabled": true,
          "Operation": null
        },
        "Rest": {
          "Methods": [
            "Get",
            "Post",
            "Put",
            "Patch",
            "Delete"
          ],
          "Path": null,
          "Enabled": true
        },
        "Permissions": [
          {
            "Role": "anonymous",
            "Actions": [
              {
                "Action": "Create",
                "Fields": null,
                "Policy": {
                  "Request": null,
                  "Database": null
                }
              },
              {
                "Action": "Update",
                "Fields": null,
                "Policy": {
                  "Request": null,
                  "Database": null
                }
              },
              {
                "Action": "Delete",
                "Fields": null,
                "Policy": {
                  "Request": null,
                  "Database": null
                }
              },
              {
                "Action": "Read",
                "Fields": {
                  "Exclude": [],
                  "Include": [
                    "*"
                  ]
                },
                "Policy": {
                  "Request": null,
                  "Database": "@item ne 1"
                }
              }
            ]
          }
        ],
        "Mappings": null,
        "Relationships": null
      }
    },
    {
      "Key": "Journal",
      "Value": {
        "Source": {
          "Object": "journals",
          "Type": "Table",
          "Parameters": {},
          "KeyFields": []
        },
        "GraphQL": {
          "Singular": "Journal",
          "Plural": "Journals",
          "Enabled": true,
          "Operation": null
        },
        "Rest": {
          "Methods": [
            "Get",
            "Post",
            "Put",
            "Patch",
            "Delete"
          ],
          "Path": null,
          "Enabled": true
        },
        "Permissions": [
          {
            "Role": "policy_tester_noupdate",
            "Actions": [
              {
                "Action": "Read",
                "Fields": {
                  "Exclude": [],
                  "Include": [
                    "*"
                  ]
                },
                "Policy": {
                  "Request": null,
                  "Database": null
                }
              },
              {
                "Action": "Update",
                "Fields": {
                  "Exclude": [],
                  "Include": [
                    "*"
                  ]
                },
                "Policy": {
                  "Request": null,
                  "Database": "@item.id ne 1"
                }
              },
              {
                "Action": "Create",
                "Fields": null,
                "Policy": {
                  "Request": null,
                  "Database": null
                }
              },
              {
                "Action": "Delete",
                "Fields": null,
                "Policy": {
                  "Request": null,
                  "Database": null
                }
              }
            ]
          },
          {
            "Role": "policy_tester_update_noread",
            "Actions": [
              {
                "Action": "Delete",
                "Fields": {
                  "Exclude": [],
                  "Include": [
                    "*"
                  ]
                },
                "Policy": {
                  "Request": null,
                  "Database": "@item.id eq 1"
                }
              },
              {
                "Action": "Read",
                "Fields": {
                  "Exclude": [
                    "*"
                  ],
                  "Include": []
                },
                "Policy": {
                  "Request": null,
                  "Database": null
                }
              },
              {
                "Action": "Update",
                "Fields": {
                  "Exclude": [],
                  "Include": [
                    "*"
                  ]
                },
                "Policy": {
                  "Request": null,
                  "Database": "@item.id eq 1"
                }
              },
              {
                "Action": "Create",
                "Fields": null,
                "Policy": {
                  "Request": null,
                  "Database": null
                }
              }
            ]
          },
          {
            "Role": "authorizationHandlerTester",
            "Actions": [
              {
                "Action": "Read",
                "Fields": null,
                "Policy": {
                  "Request": null,
                  "Database": null
                }
              }
            ]
          }
        ],
        "Mappings": null,
        "Relationships": null
      }
    },
    {
      "Key": "ArtOfWar",
      "Value": {
        "Source": {
          "Object": "aow",
          "Type": "Table",
          "Parameters": {},
          "KeyFields": []
        },
        "GraphQL": {
          "Singular": "ArtOfWar",
          "Plural": "ArtOfWars",
          "Enabled": false,
          "Operation": null
        },
        "Rest": {
          "Methods": [
            "Get",
            "Post",
            "Put",
            "Patch",
            "Delete"
          ],
          "Path": null,
          "Enabled": true
        },
        "Permissions": [
          {
            "Role": "anonymous",
            "Actions": [
              {
                "Action": "*",
                "Fields": null,
                "Policy": {
                  "Request": null,
                  "Database": null
                }
              }
            ]
          },
          {
            "Role": "authenticated",
            "Actions": [
              {
                "Action": "*",
                "Fields": null,
                "Policy": {
                  "Request": null,
                  "Database": null
                }
              }
            ]
          }
        ],
        "Mappings": {
          "DetailAssessmentAndPlanning": "始計",
          "WagingWar": "作戰",
          "StrategicAttack": "謀攻",
          "NoteNum": "┬─┬ノ( º _ ºノ)"
        },
        "Relationships": null
      }
    },
    {
      "Key": "series",
      "Value": {
        "Source": {
          "Object": "series",
          "Type": "Table",
          "Parameters": {},
          "KeyFields": []
        },
        "GraphQL": {
          "Singular": "series",
          "Plural": "series",
          "Enabled": true,
          "Operation": null
        },
        "Rest": {
          "Methods": [
            "Get",
            "Post",
            "Put",
            "Patch",
            "Delete"
          ],
          "Path": null,
          "Enabled": true
        },
        "Permissions": [
          {
            "Role": "authenticated",
            "Actions": [
              {
                "Action": "*",
                "Fields": null,
                "Policy": {
                  "Request": null,
                  "Database": null
                }
              }
            ]
          },
          {
            "Role": "TestNestedFilterManyOne_ColumnForbidden",
            "Actions": [
              {
                "Action": "Read",
                "Fields": {
                  "Exclude": [
                    "name"
                  ],
                  "Include": null
                },
                "Policy": {
                  "Request": null,
                  "Database": null
                }
              }
            ]
          },
          {
            "Role": "TestNestedFilterManyOne_EntityReadForbidden",
            "Actions": [
              {
                "Action": "Create",
                "Fields": null,
                "Policy": {
                  "Request": null,
                  "Database": null
                }
              },
              {
                "Action": "Update",
                "Fields": null,
                "Policy": {
                  "Request": null,
                  "Database": null
                }
              },
              {
                "Action": "Delete",
                "Fields": null,
                "Policy": {
                  "Request": null,
                  "Database": null
                }
              }
            ]
          },
          {
            "Role": "TestNestedFilterOneMany_EntityReadForbidden",
            "Actions": [
              {
                "Action": "Read",
                "Fields": null,
                "Policy": {
                  "Request": null,
                  "Database": null
                }
              }
            ]
          },
          {
            "Role": "TestNestedFilterOneMany_ColumnForbidden",
            "Actions": [
              {
                "Action": "Read",
                "Fields": null,
                "Policy": {
                  "Request": null,
                  "Database": null
                }
              }
            ]
          }
        ],
        "Mappings": null,
        "Relationships": {
          "comics": {
            "Cardinality": "Many",
            "TargetEntity": "Comic",
            "SourceFields": null,
            "TargetFields": null,
            "LinkingObject": null,
            "LinkingSourceFields": null,
            "LinkingTargetFields": null
          }
        }
      }
    },
    {
      "Key": "Sales",
      "Value": {
        "Source": {
          "Object": "sales",
          "Type": "Table",
          "Parameters": {},
          "KeyFields": []
        },
        "GraphQL": {
          "Singular": "Sales",
          "Plural": "Sales",
          "Enabled": true,
          "Operation": null
        },
        "Rest": {
          "Methods": [
            "Get",
            "Post",
            "Put",
            "Patch",
            "Delete"
          ],
          "Path": null,
          "Enabled": true
        },
        "Permissions": [
          {
            "Role": "anonymous",
            "Actions": [
              {
                "Action": "*",
                "Fields": null,
                "Policy": {
                  "Request": null,
                  "Database": null
                }
              }
            ]
          },
          {
            "Role": "authenticated",
            "Actions": [
              {
                "Action": "*",
                "Fields": null,
                "Policy": {
                  "Request": null,
                  "Database": null
                }
              }
            ]
          }
        ],
        "Mappings": null,
        "Relationships": null
      }
    },
    {
      "Key": "GQLmappings",
      "Value": {
        "Source": {
          "Object": "gqlmappings",
          "Type": "Table",
          "Parameters": {},
          "KeyFields": []
        },
        "GraphQL": {
          "Singular": "GQLmappings",
          "Plural": "GQLmappings",
          "Enabled": true,
          "Operation": null
        },
        "Rest": {
          "Methods": [
            "Get",
            "Post",
            "Put",
            "Patch",
            "Delete"
          ],
          "Path": null,
          "Enabled": true
        },
        "Permissions": [
          {
            "Role": "anonymous",
            "Actions": [
              {
                "Action": "*",
                "Fields": null,
                "Policy": {
                  "Request": null,
                  "Database": null
                }
              }
            ]
          },
          {
            "Role": "authenticated",
            "Actions": [
              {
                "Action": "*",
                "Fields": null,
                "Policy": {
                  "Request": null,
                  "Database": null
                }
              }
            ]
          }
        ],
        "Mappings": {
          "__column1": "column1",
          "__column2": "column2"
        },
        "Relationships": null
      }
    },
    {
      "Key": "Bookmarks",
      "Value": {
        "Source": {
          "Object": "bookmarks",
          "Type": "Table",
          "Parameters": {},
          "KeyFields": []
        },
        "GraphQL": {
          "Singular": "Bookmarks",
          "Plural": "Bookmarks",
          "Enabled": true,
          "Operation": null
        },
        "Rest": {
          "Methods": [
            "Get",
            "Post",
            "Put",
            "Patch",
            "Delete"
          ],
          "Path": null,
          "Enabled": true
        },
        "Permissions": [
          {
            "Role": "anonymous",
            "Actions": [
              {
                "Action": "*",
                "Fields": null,
                "Policy": {
                  "Request": null,
                  "Database": null
                }
              }
            ]
          },
          {
            "Role": "authenticated",
            "Actions": [
              {
                "Action": "*",
                "Fields": null,
                "Policy": {
                  "Request": null,
                  "Database": null
                }
              }
            ]
          }
        ],
        "Mappings": null,
        "Relationships": null
      }
    },
    {
      "Key": "MappedBookmarks",
      "Value": {
        "Source": {
          "Object": "mappedbookmarks",
          "Type": "Table",
          "Parameters": {},
          "KeyFields": []
        },
        "GraphQL": {
          "Singular": "MappedBookmarks",
          "Plural": "MappedBookmarks",
          "Enabled": true,
          "Operation": null
        },
        "Rest": {
          "Methods": [
            "Get",
            "Post",
            "Put",
            "Patch",
            "Delete"
          ],
          "Path": null,
          "Enabled": true
        },
        "Permissions": [
          {
            "Role": "anonymous",
            "Actions": [
              {
                "Action": "*",
                "Fields": null,
                "Policy": {
                  "Request": null,
                  "Database": null
                }
              }
            ]
          },
          {
            "Role": "authenticated",
            "Actions": [
              {
                "Action": "*",
                "Fields": null,
                "Policy": {
                  "Request": null,
                  "Database": null
                }
              }
            ]
          }
        ],
        "Mappings": {
          "id": "bkid",
          "bkname": "name"
        },
        "Relationships": null
      }
    }
  ]
}
